piid,round,unit_reading,formatted_unit_reading
0,0,1,1
0,0,5,5
0,0,10,10
0,0,20,20
0,0,30,30
0,0,40,40
0,0,42,42
0,0,42,42
0,0,42,42
0,1,2,2
0,1,4,4
0,1,9,9
0,1,21,21
0,1,22,22
0,1,41,41
0,1,43,43
0,1,41,41
0,1,40,40
0,2,1,1
0,2,4,4
0,2,12,12
0,2,25,25
0,2,32,32
0,2,42,42
0,2,42,42
0,2,43,43
0,2,41,41
